[
  {
    "COLUMN_NAME": "BRUKER_REGISTRERING_ID",
    "CHARACTER_MAXIMUM_LENGTH": 19,
    "TYPE_NAME": "BIGINT"
  },
  {
    "COLUMN_NAME": "TEKSTER_FOR_BESVARELSE",
    "CHARACTER_MAXIMUM_LENGTH": 4000,
    "TYPE_NAME": "VARCHAR"
  }
]