[
  {
    "COLUMN_NAME": "BRUKER_REGISTRERING_ID",
    "CHARACTER_MAXIMUM_LENGTH": 19,
    "TYPE_NAME": "BIGINT"
  },
  {
    "COLUMN_NAME": "PROFILERING_TYPE",
    "CHARACTER_MAXIMUM_LENGTH": 30,
    "TYPE_NAME": "VARCHAR"
  },
  {
    "COLUMN_NAME": "VERDI",
    "CHARACTER_MAXIMUM_LENGTH": 200,
    "TYPE_NAME": "VARCHAR"
  }
]