[
  {
    "COLUMN_NAME": "BEGRUNNELSE_ID",
    "CHARACTER_MAXIMUM_LENGTH": 19,
    "TYPE_NAME": "BIGINT"
  },
  {
    "COLUMN_NAME": "BEGRUNNELSE_KODE",
    "CHARACTER_MAXIMUM_LENGTH": 30,
    "TYPE_NAME": "VARCHAR"
  }
]