[
  {
    "COLUMN_NAME": "SITUASJON_ID",
    "CHARACTER_MAXIMUM_LENGTH": 19,
    "TYPE_NAME": "BIGINT"
  },
  {
    "COLUMN_NAME": "SITUASJON_KODE",
    "CHARACTER_MAXIMUM_LENGTH": 30,
    "TYPE_NAME": "VARCHAR"
  }
]